// Jest Snapshot v1, https://goo.gl/fbAQLP

exports[`renders correctly 1`] = `
<View
  style={
    Object {
      "backgroundColor": "red",
    }
  }
>
  <Text>
    This is to test react-test-renderer
  </Text>
</View>
`;
